Archive member included because of file (symbol)

build/core.a(main.o)          /opt/mpide/hardware/pic32/compiler/pic32-tools/bin/../lib/gcc/pic32mx/4.5.1/../../../../pic32mx/lib/cpp-startup.o (main)
build/core.a(task_manager.o)  build/core.a(main.o) (_scheduleTask)
build/core.a(wiring.o)        build/core.a(task_manager.o) (millis)
build/core.a(wiring_digital.o)
                              build/Blink.cpp.o (pinMode)
build/core.a(pins_arduino.o)  build/core.a(wiring_digital.o) (port_to_tris_PGM)
build/core.a(wiring_analog.o)
                              build/core.a(wiring_digital.o) (turnOffPWM)
/opt/mpide/hardware/pic32/compiler/pic32-tools/bin/../lib/gcc/pic32mx/4.5.1/../../../../pic32mx/lib/libpic32.a(general-exception.o)
                              /opt/mpide/hardware/pic32/compiler/pic32-tools/bin/../lib/gcc/pic32mx/4.5.1/../../../../pic32mx/lib/cpp-startup.o (_general_exception_context)
/opt/mpide/hardware/pic32/compiler/pic32-tools/bin/../lib/gcc/pic32mx/4.5.1/../../../../pic32mx/lib/libpic32.a(default-general-exception-handler.o)
                              /opt/mpide/hardware/pic32/compiler/pic32-tools/bin/../lib/gcc/pic32mx/4.5.1/../../../../pic32mx/lib/libpic32.a(general-exception.o) (_general_exception_handler)
/opt/mpide/hardware/pic32/compiler/pic32-tools/bin/../lib/gcc/pic32mx/4.5.1/../../../../pic32mx/lib/libpic32.a(default-bootstrap-exception-handler.o)
                              /opt/mpide/hardware/pic32/compiler/pic32-tools/bin/../lib/gcc/pic32mx/4.5.1/../../../../pic32mx/lib/cpp-startup.o (_bootstrap_exception_handler)
/opt/mpide/hardware/pic32/compiler/pic32-tools/bin/../lib/gcc/pic32mx/4.5.1/../../../../pic32mx/lib/libpic32.a(default-on-reset.o)
                              /opt/mpide/hardware/pic32/compiler/pic32-tools/bin/../lib/gcc/pic32mx/4.5.1/../../../../pic32mx/lib/cpp-startup.o (_on_reset)
/opt/mpide/hardware/pic32/compiler/pic32-tools/bin/../lib/gcc/pic32mx/4.5.1/../../../../pic32mx/lib/libpic32.a(default-on-bootstrap.o)
                              /opt/mpide/hardware/pic32/compiler/pic32-tools/bin/../lib/gcc/pic32mx/4.5.1/../../../../pic32mx/lib/cpp-startup.o (_on_bootstrap)
/opt/mpide/hardware/pic32/compiler/pic32-tools/bin/../lib/gcc/pic32mx/4.5.1/../../../../pic32mx/lib/libpic32.a(default-nmi-handler.o)
                              /opt/mpide/hardware/pic32/compiler/pic32-tools/bin/../lib/gcc/pic32mx/4.5.1/../../../../pic32mx/lib/cpp-startup.o (_nmi_handler)
/opt/mpide/hardware/pic32/compiler/pic32-tools/bin/../lib/gcc/pic32mx/4.5.1/../../../../pic32mx/lib/libmchp_peripheral.a(open_core_timer_lib.o)
                              build/core.a(wiring.o) (OpenCoreTimer)
/opt/mpide/hardware/pic32/compiler/pic32-tools/bin/../lib/gcc/pic32mx/4.5.1/../../../../pic32mx/lib/libmchp_peripheral.a(read_core_timer_lib.o)
                              build/core.a(wiring.o) (ReadCoreTimer)
/opt/mpide/hardware/pic32/compiler/pic32-tools/bin/../lib/gcc/pic32mx/4.5.1/../../../../pic32mx/lib/libmchp_peripheral_32MX795F512L.a(pcache.o)
                              build/core.a(wiring.o) (CheKseg0CacheOn)
/opt/mpide/hardware/pic32/compiler/pic32-tools/bin/../lib/gcc/pic32mx/4.5.1/../../../../pic32mx/lib/libmchp_peripheral_32MX795F512L.a(int_restore_interrupts_lib.o)
                              build/core.a(wiring.o) (INTRestoreInterrupts)
/opt/mpide/hardware/pic32/compiler/pic32-tools/bin/../lib/gcc/pic32mx/4.5.1/../../../../pic32mx/lib/libmchp_peripheral_32MX795F512L.a(int_enable_mv_int_lib.o)
                              build/core.a(wiring.o) (INTEnableSystemMultiVectoredInt)
/opt/mpide/hardware/pic32/compiler/pic32-tools/bin/../lib/gcc/pic32mx/4.5.1/../../../../pic32mx/lib/libmchp_peripheral_32MX795F512L.a(rtcc_init_lib.o)
                              build/core.a(wiring.o) (RtccInit)
/opt/mpide/hardware/pic32/compiler/pic32-tools/bin/../lib/gcc/pic32mx/4.5.1/../../../../pic32mx/lib/libmchp_peripheral_32MX795F512L.a(rtcc_set_time_date_lib.o)
                              build/core.a(wiring.o) (RtccSetTimeDate)
/opt/mpide/hardware/pic32/compiler/pic32-tools/bin/../lib/gcc/pic32mx/4.5.1/../../../../pic32mx/lib/libmchp_peripheral_32MX795F512L.a(rtcc_open_lib.o)
                              build/core.a(wiring.o) (RtccOpen)
/opt/mpide/hardware/pic32/compiler/pic32-tools/bin/../lib/gcc/pic32mx/4.5.1/../../../../pic32mx/lib/libmchp_peripheral_32MX795F512L.a(int_tbl_lib.o)
                              /opt/mpide/hardware/pic32/compiler/pic32-tools/bin/../lib/gcc/pic32mx/4.5.1/../../../../pic32mx/lib/libmchp_peripheral_32MX795F512L.a(rtcc_init_lib.o) (INTClearFlag)
/opt/mpide/hardware/pic32/compiler/pic32-tools/bin/../lib/gcc/pic32mx/4.5.1/../../../../pic32mx/lib/libmchp_peripheral_32MX795F512L.a(_rtcc_set_time_and_date_lib.o)
                              /opt/mpide/hardware/pic32/compiler/pic32-tools/bin/../lib/gcc/pic32mx/4.5.1/../../../../pic32mx/lib/libmchp_peripheral_32MX795F512L.a(rtcc_set_time_date_lib.o) (_RtccSetTimeAndDate)
[...]
Memory Configuration

Name             Origin             Length             Attributes
kseg0_program_mem 0x9d001000         0x0007b000         xr
kseg0_eeprom_mem 0x9d07f000         0x00001000
kseg0_boot_mem   0x9fc00490         0x00000000
exception_mem    0x9d000000         0x00001000
kseg1_boot_mem   0xbfc00000         0x00000000
debug_exec_mem   0xbfc02000         0x00000000
config3          0xbfc02ff0         0x00000000
config2          0xbfc02ff4         0x00000000
config1          0xbfc02ff8         0x00000000
config0          0xbfc02ffc         0x00000000
kseg1_data_mem   0xa0000000         0x00020000         w !x
sfrs             0xbf800000         0x00100000
configsfrs       0xbfc02ff0         0x00000010
*default*        0x00000000         0xffffffff

Linker script and memory map

LOAD /opt/mpide/hardware/pic32/compiler/pic32-tools/bin/../lib/gcc/pic32mx/4.5.1/../../../../pic32mx/lib/cpp-startup.o
LOAD /opt/mpide/hardware/pic32/compiler/pic32-tools/bin/../lib/gcc/pic32mx/4.5.1/../../../../pic32mx/lib/crti.o
LOAD /opt/mpide/hardware/pic32/compiler/pic32-tools/bin/../lib/gcc/pic32mx/4.5.1/crtbegin.o
                0x00000001                _DEBUGGER = 0x1
LOAD build/Blink.cpp.o
LOAD build/core.a
LOAD /opt/mpide/hardware/pic32/compiler/pic32-tools/bin/../lib/gcc/pic32mx/4.5.1/../../../../pic32mx/lib/libsupc++.a
LOAD /opt/mpide/hardware/pic32/compiler/pic32-tools/bin/../lib/gcc/pic32mx/4.5.1/../../../../pic32mx/lib/libm.a
LOAD /opt/mpide/hardware/pic32/compiler/pic32-tools/bin/../lib/gcc/pic32mx/4.5.1/libgcc.a
START GROUP
LOAD /opt/mpide/hardware/pic32/compiler/pic32-tools/bin/../lib/gcc/pic32mx/4.5.1/../../../../pic32mx/lib/libc.a
LOAD /opt/mpide/hardware/pic32/compiler/pic32-tools/bin/../lib/gcc/pic32mx/4.5.1/../../../../pic32mx/lib/libsupc++.a
LOAD /opt/mpide/hardware/pic32/compiler/pic32-tools/bin/../lib/gcc/pic32mx/4.5.1/../../../../pic32mx/lib/libpic32.a
LOAD /opt/mpide/hardware/pic32/compiler/pic32-tools/bin/../lib/gcc/pic32mx/4.5.1/libgcc.a
LOAD /opt/mpide/hardware/pic32/compiler/pic32-tools/bin/../lib/gcc/pic32mx/4.5.1/../../../../pic32mx/lib/libmchp_peripheral.a
LOAD /opt/mpide/hardware/pic32/compiler/pic32-tools/bin/../lib/gcc/pic32mx/4.5.1/../../../../pic32mx/lib/libmchp_peripheral_32MX795F512L.a
END GROUP
LOAD /opt/mpide/hardware/pic32/compiler/pic32-tools/bin/../lib/gcc/pic32mx/4.5.1/libgcc.a
LOAD /opt/mpide/hardware/pic32/compiler/pic32-tools/bin/../lib/gcc/pic32mx/4.5.1/crtend.o
LOAD /opt/mpide/hardware/pic32/compiler/pic32-tools/bin/../lib/gcc/pic32mx/4.5.1/../../../../pic32mx/lib/crtn.o
                0x00000800                PROVIDE (_min_stack_size, 0x800)
                0x00000800                PROVIDE (_min_heap_size, 0x800)
LOAD /opt/mpide/hardware/pic32/compiler/pic32-tools/bin/../lib/gcc/pic32mx/4.5.1/../../../../pic32mx/lib/./proc/32MX795F512L/processor.o
                0x00000001                PROVIDE (_vector_spacing, 0x1)
                0x9d000000                _ebase_address = 0x9d000000
                0x9d001000                _RESET_ADDR = 0x9d001000
                0x9d07f000                _EEPROM_ADDR = 0x9d07f000
                0xbfc00380                _BEV_EXCPT_ADDR = 0xbfc00380
                0xbfc00480                _DBG_EXCPT_ADDR = 0xbfc00480
                0xbfc02000                _DBG_CODE_ADDR = 0xbfc02000
                0x9d000180                _GEN_EXCPT_ADDR = (_ebase_address + 0x180)

.reset          0x9d001000       0x10
 *(.reset)
 .reset         0x9d001000       0x10 /opt/mpide/hardware/pic32/compiler/pic32-tools/bin/../lib/gcc/pic32mx/4.5.1/../../../../pic32mx/lib/cpp-startup.o
                0x9d001000                _reset

.eeprom_pic32
 *(.eeprom_pic32 .eeprom_pic32.*)

/DISCARD/
 *(.bev_handler)
 *(.pdr)
 *(.reginfo)
 *(.rel.dyn)
 *(.note.GNU-stack)
 *(.gnu_debuglink)
 *(.gnu.lto_*)

.app_excpt      0x9d000180       0x10
 *(.gen_handler)
 .gen_handler   0x9d000180       0x10 /opt/mpide/hardware/pic32/compiler/pic32-tools/bin/../lib/gcc/pic32mx/4.5.1/../../../../pic32mx/lib/cpp-startup.o

.vector_0       0x9d000200        0x8
 *(.vector_0)
 .vector_0      0x9d000200        0x8 build/core.a(wiring.o)
                0x00000001                ASSERT (((_vector_spacing == 0x0) || (SIZEOF (.vector_0) <= (_vector_spacing << 0x5))), function at exception vector 0 too large)

.vector_1       0x9d000220        0x0
 *(.vector_1)
                0x00000001                ASSERT (((_vector_spacing == 0x0) || (SIZEOF (.vector_1) <= (_vector_spacing << 0x5))), function at exception vector 1 too large)

.vector_2       0x9d000240        0x0
 *(.vector_2)
                0x00000001                ASSERT (((_vector_spacing == 0x0) || (SIZEOF (.vector_2) <= (_vector_spacing << 0x5))), function at exception vector 2 too large)

.vector_3       0x9d000260        0x0
 *(.vector_3)
                0x00000001                ASSERT (((_vector_spacing == 0x0) || (SIZEOF (.vector_3) <= (_vector_spacing << 0x5))), function at exception vector 3 too large)

.vector_4       0x9d000280        0x0
 *(.vector_4)
                0x00000001                ASSERT (((_vector_spacing == 0x0) || (SIZEOF (.vector_4) <= (_vector_spacing << 0x5))), function at exception vector 4 too large)

.vector_5       0x9d0002a0        0x0
 *(.vector_5)
                0x00000001                ASSERT (((_vector_spacing == 0x0) || (SIZEOF (.vector_5) <= (_vector_spacing << 0x5))), function at exception vector 5 too large)

.vector_6       0x9d0002c0        0x0
 *(.vector_6)
                0x00000001                ASSERT (((_vector_spacing == 0x0) || (SIZEOF (.vector_6) <= (_vector_spacing << 0x5))), function at exception vector 6 too large)

.vector_7       0x9d0002e0        0x0
 *(.vector_7)
                0x00000001                ASSERT (((_vector_spacing == 0x0) || (SIZEOF (.vector_7) <= (_vector_spacing << 0x5))), function at exception vector 7 too large)

.vector_8       0x9d000300        0x0
 *(.vector_8)
                0x00000001                ASSERT (((_vector_spacing == 0x0) || (SIZEOF (.vector_8) <= (_vector_spacing << 0x5))), function at exception vector 8 too large)

.vector_9       0x9d000320        0x0
 *(.vector_9)
                0x00000001                ASSERT (((_vector_spacing == 0x0) || (SIZEOF (.vector_9) <= (_vector_spacing << 0x5))), function at exception vector 9 too large)

.vector_10      0x9d000340        0x0
 *(.vector_10)
                0x00000001                ASSERT (((_vector_spacing == 0x0) || (SIZEOF (.vector_10) <= (_vector_spacing << 0x5))), function at exception vector 10 too large)

.vector_11      0x9d000360        0x0
 *(.vector_11)
                0x00000001                ASSERT (((_vector_spacing == 0x0) || (SIZEOF (.vector_11) <= (_vector_spacing << 0x5))), function at exception vector 11 too large)

.vector_12      0x9d000380        0x0
 *(.vector_12)
                0x00000001                ASSERT (((_vector_spacing == 0x0) || (SIZEOF (.vector_12) <= (_vector_spacing << 0x5))), function at exception vector 12 too large)

.vector_13      0x9d0003a0        0x0
 *(.vector_13)
                0x00000001                ASSERT (((_vector_spacing == 0x0) || (SIZEOF (.vector_13) <= (_vector_spacing << 0x5))), function at exception vector 13 too large)

.vector_14      0x9d0003c0        0x0
 *(.vector_14)
                0x00000001                ASSERT (((_vector_spacing == 0x0) || (SIZEOF (.vector_14) <= (_vector_spacing << 0x5))), function at exception vector 14 too large)

.vector_15      0x9d0003e0        0x0
 *(.vector_15)
                0x00000001                ASSERT (((_vector_spacing == 0x0) || (SIZEOF (.vector_15) <= (_vector_spacing << 0x5))), function at exception vector 15 too large)

.vector_16      0x9d000400        0x0
 *(.vector_16)
                0x00000001                ASSERT (((_vector_spacing == 0x0) || (SIZEOF (.vector_16) <= (_vector_spacing << 0x5))), function at exception vector 16 too large)

.vector_17      0x9d000420        0x0
 *(.vector_17)
                0x00000001                ASSERT (((_vector_spacing == 0x0) || (SIZEOF (.vector_17) <= (_vector_spacing << 0x5))), function at exception vector 17 too large)

.vector_18      0x9d000440        0x0
 *(.vector_18)
                0x00000001                ASSERT (((_vector_spacing == 0x0) || (SIZEOF (.vector_18) <= (_vector_spacing << 0x5))), function at exception vector 18 too large)

.vector_19      0x9d000460        0x0
 *(.vector_19)
                0x00000001                ASSERT (((_vector_spacing == 0x0) || (SIZEOF (.vector_19) <= (_vector_spacing << 0x5))), function at exception vector 19 too large)

.vector_20      0x9d000480        0x0
 *(.vector_20)
                0x00000001                ASSERT (((_vector_spacing == 0x0) || (SIZEOF (.vector_20) <= (_vector_spacing << 0x5))), function at exception vector 20 too large)

.vector_21      0x9d0004a0        0x0
 *(.vector_21)
                0x00000001                ASSERT (((_vector_spacing == 0x0) || (SIZEOF (.vector_21) <= (_vector_spacing << 0x5))), function at exception vector 21 too large)

.vector_22      0x9d0004c0        0x0
 *(.vector_22)
                0x00000001                ASSERT (((_vector_spacing == 0x0) || (SIZEOF (.vector_22) <= (_vector_spacing << 0x5))), function at exception vector 22 too large)

.vector_23      0x9d0004e0        0x0
 *(.vector_23)
                0x00000001                ASSERT (((_vector_spacing == 0x0) || (SIZEOF (.vector_23) <= (_vector_spacing << 0x5))), function at exception vector 23 too large)

.vector_24      0x9d000500        0x0
 *(.vector_24)
                0x00000001                ASSERT (((_vector_spacing == 0x0) || (SIZEOF (.vector_24) <= (_vector_spacing << 0x5))), function at exception vector 24 too large)

.vector_25      0x9d000520        0x0
 *(.vector_25)
                0x00000001                ASSERT (((_vector_spacing == 0x0) || (SIZEOF (.vector_25) <= (_vector_spacing << 0x5))), function at exception vector 25 too large)

.vector_26      0x9d000540        0x0
 *(.vector_26)
                0x00000001                ASSERT (((_vector_spacing == 0x0) || (SIZEOF (.vector_26) <= (_vector_spacing << 0x5))), function at exception vector 26 too large)

.vector_27      0x9d000560        0x0
 *(.vector_27)
                0x00000001                ASSERT (((_vector_spacing == 0x0) || (SIZEOF (.vector_27) <= (_vector_spacing << 0x5))), function at exception vector 27 too large)

.vector_28      0x9d000580        0x0
 *(.vector_28)
                0x00000001                ASSERT (((_vector_spacing == 0x0) || (SIZEOF (.vector_28) <= (_vector_spacing << 0x5))), function at exception vector 28 too large)

.vector_29      0x9d0005a0        0x0
 *(.vector_29)
                0x00000001                ASSERT (((_vector_spacing == 0x0) || (SIZEOF (.vector_29) <= (_vector_spacing << 0x5))), function at exception vector 29 too large)

.vector_30      0x9d0005c0        0x0
 *(.vector_30)
                0x00000001                ASSERT (((_vector_spacing == 0x0) || (SIZEOF (.vector_30) <= (_vector_spacing << 0x5))), function at exception vector 30 too large)

.vector_31      0x9d0005e0        0x0
 *(.vector_31)
                0x00000001                ASSERT (((_vector_spacing == 0x0) || (SIZEOF (.vector_31) <= (_vector_spacing << 0x5))), function at exception vector 31 too large)

.vector_32      0x9d000600        0x0
 *(.vector_32)
                0x00000001                ASSERT (((_vector_spacing == 0x0) || (SIZEOF (.vector_32) <= (_vector_spacing << 0x5))), function at exception vector 32 too large)

.vector_33      0x9d000620        0x0
 *(.vector_33)
                0x00000001                ASSERT (((_vector_spacing == 0x0) || (SIZEOF (.vector_33) <= (_vector_spacing << 0x5))), function at exception vector 33 too large)

.vector_34      0x9d000640        0x0
 *(.vector_34)
                0x00000001                ASSERT (((_vector_spacing == 0x0) || (SIZEOF (.vector_34) <= (_vector_spacing << 0x5))), function at exception vector 34 too large)

.vector_35      0x9d000660        0x0
 *(.vector_35)
                0x00000001                ASSERT (((_vector_spacing == 0x0) || (SIZEOF (.vector_35) <= (_vector_spacing << 0x5))), function at exception vector 35 too large)

.vector_36      0x9d000680        0x0
 *(.vector_36)
                0x00000001                ASSERT (((_vector_spacing == 0x0) || (SIZEOF (.vector_36) <= (_vector_spacing << 0x5))), function at exception vector 36 too large)

.vector_37      0x9d0006a0        0x0
 *(.vector_37)
                0x00000001                ASSERT (((_vector_spacing == 0x0) || (SIZEOF (.vector_37) <= (_vector_spacing << 0x5))), function at exception vector 37 too large)

.vector_38      0x9d0006c0        0x0
 *(.vector_38)
                0x00000001                ASSERT (((_vector_spacing == 0x0) || (SIZEOF (.vector_38) <= (_vector_spacing << 0x5))), function at exception vector 38 too large)

.vector_39      0x9d0006e0        0x0
 *(.vector_39)
                0x00000001                ASSERT (((_vector_spacing == 0x0) || (SIZEOF (.vector_39) <= (_vector_spacing << 0x5))), function at exception vector 39 too large)

.vector_40      0x9d000700        0x0
 *(.vector_40)
                0x00000001                ASSERT (((_vector_spacing == 0x0) || (SIZEOF (.vector_40) <= (_vector_spacing << 0x5))), function at exception vector 40 too large)

.vector_41      0x9d000720        0x0
 *(.vector_41)
                0x00000001                ASSERT (((_vector_spacing == 0x0) || (SIZEOF (.vector_41) <= (_vector_spacing << 0x5))), function at exception vector 41 too large)

.vector_42      0x9d000740        0x0
 *(.vector_42)
                0x00000001                ASSERT (((_vector_spacing == 0x0) || (SIZEOF (.vector_42) <= (_vector_spacing << 0x5))), function at exception vector 42 too large)

.vector_43      0x9d000760        0x0
 *(.vector_43)
                0x00000001                ASSERT (((_vector_spacing == 0x0) || (SIZEOF (.vector_43) <= (_vector_spacing << 0x5))), function at exception vector 43 too large)

.vector_44      0x9d000780        0x0
 *(.vector_44)
                0x00000001                ASSERT (((_vector_spacing == 0x0) || (SIZEOF (.vector_44) <= (_vector_spacing << 0x5))), function at exception vector 44 too large)

.vector_45      0x9d0007a0        0x0
 *(.vector_45)
                0x00000001                ASSERT (((_vector_spacing == 0x0) || (SIZEOF (.vector_45) <= (_vector_spacing << 0x5))), function at exception vector 45 too large)

.vector_46      0x9d0007c0        0x0
 *(.vector_46)
                0x00000001                ASSERT (((_vector_spacing == 0x0) || (SIZEOF (.vector_46) <= (_vector_spacing << 0x5))), function at exception vector 46 too large)

.vector_47      0x9d0007e0        0x0
 *(.vector_47)
                0x00000001                ASSERT (((_vector_spacing == 0x0) || (SIZEOF (.vector_47) <= (_vector_spacing << 0x5))), function at exception vector 47 too large)

.vector_48      0x9d000800        0x0
 *(.vector_48)
                0x00000001                ASSERT (((_vector_spacing == 0x0) || (SIZEOF (.vector_48) <= (_vector_spacing << 0x5))), function at exception vector 48 too large)

.vector_49      0x9d000820        0x0
 *(.vector_49)
                0x00000001                ASSERT (((_vector_spacing == 0x0) || (SIZEOF (.vector_49) <= (_vector_spacing << 0x5))), function at exception vector 49 too large)

.vector_50      0x9d000840        0x0
 *(.vector_50)
                0x00000001                ASSERT (((_vector_spacing == 0x0) || (SIZEOF (.vector_50) <= (_vector_spacing << 0x5))), function at exception vector 50 too large)

.vector_51      0x9d000860        0x0
 *(.vector_51)
                0x00000001                ASSERT (((_vector_spacing == 0x0) || (SIZEOF (.vector_51) <= (_vector_spacing << 0x5))), function at exception vector 51 too large)

.vector_52      0x9d000880        0x0
 *(.vector_52)
                0x00000001                ASSERT (((_vector_spacing == 0x0) || (SIZEOF (.vector_52) <= (_vector_spacing << 0x5))), function at exception vector 52 too large)

.vector_53      0x9d0008a0        0x0
 *(.vector_53)
                0x00000001                ASSERT (((_vector_spacing == 0x0) || (SIZEOF (.vector_53) <= (_vector_spacing << 0x5))), function at exception vector 53 too large)

.vector_54      0x9d0008c0        0x0
 *(.vector_54)
                0x00000001                ASSERT (((_vector_spacing == 0x0) || (SIZEOF (.vector_54) <= (_vector_spacing << 0x5))), function at exception vector 54 too large)

.vector_55      0x9d0008e0        0x0
 *(.vector_55)
                0x00000001                ASSERT (((_vector_spacing == 0x0) || (SIZEOF (.vector_55) <= (_vector_spacing << 0x5))), function at exception vector 55 too large)

.vector_56      0x9d000900        0x0
 *(.vector_56)
                0x00000001                ASSERT (((_vector_spacing == 0x0) || (SIZEOF (.vector_56) <= (_vector_spacing << 0x5))), function at exception vector 56 too large)

.vector_57      0x9d000920        0x0
 *(.vector_57)
                0x00000001                ASSERT (((_vector_spacing == 0x0) || (SIZEOF (.vector_57) <= (_vector_spacing << 0x5))), function at exception vector 57 too large)

.vector_58      0x9d000940        0x0
 *(.vector_58)
                0x00000001                ASSERT (((_vector_spacing == 0x0) || (SIZEOF (.vector_58) <= (_vector_spacing << 0x5))), function at exception vector 58 too large)

.vector_59      0x9d000960        0x0
 *(.vector_59)
                0x00000001                ASSERT (((_vector_spacing == 0x0) || (SIZEOF (.vector_59) <= (_vector_spacing << 0x5))), function at exception vector 59 too large)

.vector_60      0x9d000980        0x0
 *(.vector_60)
                0x00000001                ASSERT (((_vector_spacing == 0x0) || (SIZEOF (.vector_60) <= (_vector_spacing << 0x5))), function at exception vector 60 too large)

.vector_61      0x9d0009a0        0x0
 *(.vector_61)
                0x00000001                ASSERT (((_vector_spacing == 0x0) || (SIZEOF (.vector_61) <= (_vector_spacing << 0x5))), function at exception vector 61 too large)

.vector_62      0x9d0009c0        0x0
 *(.vector_62)
                0x00000001                ASSERT (((_vector_spacing == 0x0) || (SIZEOF (.vector_62) <= (_vector_spacing << 0x5))), function at exception vector 62 too large)

.vector_63      0x9d0009e0        0x0
 *(.vector_63)
                0x00000001                ASSERT (((_vector_spacing == 0x0) || (SIZEOF (.vector_63) <= (_vector_spacing << 0x5))), function at exception vector 63 too large)

.startup        0x9d001010      0x1e0
 *(.startup)
 .startup       0x9d001010      0x1e0 /opt/mpide/hardware/pic32/compiler/pic32-tools/bin/../lib/gcc/pic32mx/4.5.1/../../../../pic32mx/lib/cpp-startup.o

.text           0x9d0011f0     0x1ca8
                0x9d0011f0                _text_begin = .
 *(.text .stub .text.* .gnu.linkonce.t.*)
 .text          0x9d0011f0       0x20 /opt/mpide/hardware/pic32/compiler/pic32-tools/bin/../lib/gcc/pic32mx/4.5.1/../../../../pic32mx/lib/cpp-startup.o
 .text.__do_global_dtors_aux
                0x9d001210       0xbc /opt/mpide/hardware/pic32/compiler/pic32-tools/bin/../lib/gcc/pic32mx/4.5.1/crtbegin.o
 .text.frame_dummy
                0x9d0012cc       0x5c /opt/mpide/hardware/pic32/compiler/pic32-tools/bin/../lib/gcc/pic32mx/4.5.1/crtbegin.o
 .text.setup    0x9d001328       0x38 build/Blink.cpp.o
                0x9d001328                setup
 .text.loop     0x9d001360       0x60 build/Blink.cpp.o
                0x9d001360                loop
 .text.main     0x9d0013c0       0x38 build/core.a(main.o)
                0x9d0013c0                main
 .text._initTaskManager
                0x9d0013f8       0x70 build/core.a(task_manager.o)
                0x9d0013f8                _initTaskManager
 .text._scheduleTask
                0x9d001468      0x4f8 build/core.a(task_manager.o)
                0x9d001468                _scheduleTask
 .text.millis   0x9d001960       0x24 build/core.a(wiring.o)
                0x9d001960                millis
 .text.delay    0x9d001984       0x60 build/core.a(wiring.o)
                0x9d001984                delay
 .text.init     0x9d0019e4      0x3ec build/core.a(wiring.o)
                0x9d0019e4                init
 .text.INTEnableInterrupts
                0x9d001dd0       0x34 build/core.a(wiring.o)
                0x9d001dd0                INTEnableInterrupts
 .text.INTDisableInterrupts
                0x9d001e04       0x34 build/core.a(wiring.o)
                0x9d001e04                INTDisableInterrupts
 .text.millisecondCoreTimerService
                0x9d001e38       0xac build/core.a(wiring.o)
                0x9d001e38                millisecondCoreTimerService
 .text.CoreTimerHandler
                0x9d001ee4      0x1ec build/core.a(wiring.o)
                0x9d001ee4                CoreTimerHandler
 .text.pinMode  0x9d0020d0      0x18c build/core.a(wiring_digital.o)
                0x9d0020d0                pinMode
 .text.digitalWrite
                0x9d00225c      0x128 build/core.a(wiring_digital.o)
                0x9d00225c                digitalWrite
 .text._board_init
                0x9d002384      0x134 build/core.a(pins_arduino.o)
                0x9d002384                _board_init
 .text.turnOffPWM
                0x9d0024b8       0x98 build/core.a(wiring_analog.o)
                0x9d0024b8                turnOffPWM
 .text.general_exception
                0x9d002550       0xd0 /opt/mpide/hardware/pic32/compiler/pic32-tools/bin/../lib/gcc/pic32mx/4.5.1/../../../../pic32mx/lib/libpic32.a(general-exception.o)
                0x9d002550                _general_exception_context
 .text._general_exception_handler
                0x9d002620        0x8 /opt/mpide/hardware/pic32/compiler/pic32-tools/bin/../lib/gcc/pic32mx/4.5.1/../../../../pic32mx/lib/libpic32.a(default-general-exception-handler.o)
                0x9d002620                _general_exception_handler
 .text._on_reset
                0x9d002628        0x8 /opt/mpide/hardware/pic32/compiler/pic32-tools/bin/../lib/gcc/pic32mx/4.5.1/../../../../pic32mx/lib/libpic32.a(default-on-reset.o)
                0x9d002628                _on_reset
 .text._on_bootstrap
                0x9d002630        0x8 /opt/mpide/hardware/pic32/compiler/pic32-tools/bin/../lib/gcc/pic32mx/4.5.1/../../../../pic32mx/lib/libpic32.a(default-on-bootstrap.o)
                0x9d002630                _on_bootstrap
 .text          0x9d002638       0x18 /opt/mpide/hardware/pic32/compiler/pic32-tools/bin/../lib/gcc/pic32mx/4.5.1/../../../../pic32mx/lib/libpic32.a(default-nmi-handler.o)
                0x9d002638                _nmi_handler
 .text.OpenCoreTimer
                0x9d002650        0xc /opt/mpide/hardware/pic32/compiler/pic32-tools/bin/../lib/gcc/pic32mx/4.5.1/../../../../pic32mx/lib/libmchp_peripheral.a(open_core_timer_lib.o)
                0x9d002650                OpenCoreTimer
 .text.ReadCoreTimer
                0x9d00265c        0x8 /opt/mpide/hardware/pic32/compiler/pic32-tools/bin/../lib/gcc/pic32mx/4.5.1/../../../../pic32mx/lib/libmchp_peripheral.a(read_core_timer_lib.o)
                0x9d00265c                ReadCoreTimer
 .text.CheKseg0CacheOn
                0x9d002664       0x18 /opt/mpide/hardware/pic32/compiler/pic32-tools/bin/../lib/gcc/pic32mx/4.5.1/../../../../pic32mx/lib/libmchp_peripheral_32MX795F512L.a(pcache.o)
                0x9d002664                CheKseg0CacheOn
 .text.INTRestoreInterrupts
                0x9d00267c       0x1c /opt/mpide/hardware/pic32/compiler/pic32-tools/bin/../lib/gcc/pic32mx/4.5.1/../../../../pic32mx/lib/libmchp_peripheral_32MX795F512L.a(int_restore_interrupts_lib.o)
                0x9d00267c                INTRestoreInterrupts
 .text.INTEnableSystemMultiVectoredInt
                0x9d002698       0x34 /opt/mpide/hardware/pic32/compiler/pic32-tools/bin/../lib/gcc/pic32mx/4.5.1/../../../../pic32mx/lib/libmchp_peripheral_32MX795F512L.a(int_enable_mv_int_lib.o)
                0x9d002698                INTEnableSystemMultiVectoredInt
 .text.RtccInit
                0x9d0026cc      0x1ac /opt/mpide/hardware/pic32/compiler/pic32-tools/bin/../lib/gcc/pic32mx/4.5.1/../../../../pic32mx/lib/libmchp_peripheral_32MX795F512L.a(rtcc_init_lib.o)
                0x9d0026cc                RtccInit
 .text.RtccSetTimeDate
                0x9d002878       0x28 /opt/mpide/hardware/pic32/compiler/pic32-tools/bin/../lib/gcc/pic32mx/4.5.1/../../../../pic32mx/lib/libmchp_peripheral_32MX795F512L.a(rtcc_set_time_date_lib.o)
                0x9d002878                RtccSetTimeDate
 .text.RtccOpen
                0x9d0028a0      0x1ec /opt/mpide/hardware/pic32/compiler/pic32-tools/bin/../lib/gcc/pic32mx/4.5.1/../../../../pic32mx/lib/libmchp_peripheral_32MX795F512L.a(rtcc_open_lib.o)
                0x9d0028a0                RtccOpen
 .text.INTClearFlag
                0x9d002a8c       0x2c /opt/mpide/hardware/pic32/compiler/pic32-tools/bin/../lib/gcc/pic32mx/4.5.1/../../../../pic32mx/lib/libmchp_peripheral_32MX795F512L.a(int_tbl_lib.o)
                0x9d002a8c                INTClearFlag
 .text.INTEnable
                0x9d002ab8       0x58 /opt/mpide/hardware/pic32/compiler/pic32-tools/bin/../lib/gcc/pic32mx/4.5.1/../../../../pic32mx/lib/libmchp_peripheral_32MX795F512L.a(int_tbl_lib.o)
                0x9d002ab8                INTEnable
 .text._RtccSetTimeAndDate
                0x9d002b10      0x23c /opt/mpide/hardware/pic32/compiler/pic32-tools/bin/../lib/gcc/pic32mx/4.5.1/../../../../pic32mx/lib/libmchp_peripheral_32MX795F512L.a(_rtcc_set_time_and_date_lib.o)
                0x9d002b10                _RtccSetTimeAndDate
 .text._RtccWaitClockOff
                0x9d002d4c       0xf8 /opt/mpide/hardware/pic32/compiler/pic32-tools/bin/../lib/gcc/pic32mx/4.5.1/../../../../pic32mx/lib/libmchp_peripheral_32MX795F512L.a(_rtcc_wait_clock_off_lib.o)
                0x9d002d4c                _RtccWaitClockOff
 .text.__do_global_ctors_aux
                0x9d002e44       0x54 /opt/mpide/hardware/pic32/compiler/pic32-tools/bin/../lib/gcc/pic32mx/4.5.1/crtend.o
 *(.text.*personality*)
 *(.gnu.warning)
 *(.mips16.fn.*)
 *(.mips16.call.*)
                0x9d002e98                _text_end = .

.init           0x9d002e98       0x24
 *crti.o(.init)
 .init          0x9d002e98        0x8 /opt/mpide/hardware/pic32/compiler/pic32-tools/bin/../lib/gcc/pic32mx/4.5.1/../../../../pic32mx/lib/crti.o
                0x9d002e98                _init
 *crtbegin.o(.init)
 .init          0x9d002ea0        0x8 /opt/mpide/hardware/pic32/compiler/pic32-tools/bin/../lib/gcc/pic32mx/4.5.1/crtbegin.o
 *(EXCLUDE_FILE(*crtn.o *crtend?.o *crtend.o) .init)
 *crtend.o(.init)
 .init          0x9d002ea8        0x8 /opt/mpide/hardware/pic32/compiler/pic32-tools/bin/../lib/gcc/pic32mx/4.5.1/crtend.o
 *crtn.o(.init)
 .init          0x9d002eb0        0xc /opt/mpide/hardware/pic32/compiler/pic32-tools/bin/../lib/gcc/pic32mx/4.5.1/../../../../pic32mx/lib/crtn.o

.fini           0x9d002ebc       0x1c
 *(.fini)
 .fini          0x9d002ebc        0x8 /opt/mpide/hardware/pic32/compiler/pic32-tools/bin/../lib/gcc/pic32mx/4.5.1/../../../../pic32mx/lib/crti.o
                0x9d002ebc                _fini
 .fini          0x9d002ec4        0x8 /opt/mpide/hardware/pic32/compiler/pic32-tools/bin/../lib/gcc/pic32mx/4.5.1/crtbegin.o
 .fini          0x9d002ecc        0xc /opt/mpide/hardware/pic32/compiler/pic32-tools/bin/../lib/gcc/pic32mx/4.5.1/../../../../pic32mx/lib/crtn.o

.preinit_array  0x9d002ed8        0x0
                0x9d002ed8                PROVIDE (__preinit_array_start, .)
 *(.preinit_array)
                0x9d002ed8                PROVIDE (__preinit_array_end, .)
 *(.preinit_array)

.init_array     0x9d002ed8        0x0
                0x9d002ed8                PROVIDE (__init_array_start, .)
 *(SORT(.init_array.*))
 *(.init_array)
                0x9d002ed8                PROVIDE (__init_array_end, .)

.fini_array     0x9d002ed8        0x0
                0x9d002ed8                PROVIDE (__fini_array_start, .)
 *(SORT(.fini_array.*))
 *(.fini_array)
                0x9d002ed8                PROVIDE (__fini_array_end, .)

.ctors          0x9d002ed8        0x8
 *crtbegin.o(.ctors)
 .ctors         0x9d002ed8        0x4 /opt/mpide/hardware/pic32/compiler/pic32-tools/bin/../lib/gcc/pic32mx/4.5.1/crtbegin.o
 *crtbegin?.o(.ctors)
 *(EXCLUDE_FILE(*crtend?.o *crtend.o) .ctors)
 *(SORT(.ctors.*))
 *(.ctors)
 .ctors         0x9d002edc        0x4 /opt/mpide/hardware/pic32/compiler/pic32-tools/bin/../lib/gcc/pic32mx/4.5.1/crtend.o

.dtors          0x9d002ee0        0x8
 *crtbegin.o(.dtors)
 .dtors         0x9d002ee0        0x4 /opt/mpide/hardware/pic32/compiler/pic32-tools/bin/../lib/gcc/pic32mx/4.5.1/crtbegin.o
 *crtbegin?.o(.dtors)
 *(EXCLUDE_FILE(*crtend?.o *crtend.o) .dtors)
 *(SORT(.dtors.*))
 *(.dtors)
 .dtors         0x9d002ee4        0x4 /opt/mpide/hardware/pic32/compiler/pic32-tools/bin/../lib/gcc/pic32mx/4.5.1/crtend.o
                0x9d002ee4                __DTOR_END__

.rodata         0x9d002ee8      0x9b0
 *(.rodata .rodata.* .gnu.linkonce.r.*)
 .rodata.port_to_tris_PGM
                0x9d002ee8       0x24 build/core.a(pins_arduino.o)
                0x9d002ee8                port_to_tris_PGM
 .rodata.digital_pin_to_port_PGM
                0x9d002f0c       0x58 build/core.a(pins_arduino.o)
                0x9d002f0c                digital_pin_to_port_PGM
 .rodata.digital_pin_to_bit_mask_PGM
                0x9d002f64       0xb0 build/core.a(pins_arduino.o)
                0x9d002f64                digital_pin_to_bit_mask_PGM
 .rodata.digital_pin_to_timer_PGM
                0x9d003014       0xb0 build/core.a(pins_arduino.o)
                0x9d003014                digital_pin_to_timer_PGM
 .rodata        0x9d0030c4      0x7d4 /opt/mpide/hardware/pic32/compiler/pic32-tools/bin/../lib/gcc/pic32mx/4.5.1/../../../../pic32mx/lib/libmchp_peripheral_32MX795F512L.a(int_tbl_lib.o)
                0x9d0030c4                __IntSrcTbl
                0x9d0035e0                __IntVectorTbl
 *(.rodata1)
                0x9d003898                . = ALIGN (0x4)

.sdata2         0x9d003898        0x0
 *(.sdata2 .sdata2.* .gnu.linkonce.s2.*)
                0x9d003898                . = ALIGN (0x4)

.sbss2          0x9d003898        0x0
 *(.sbss2 .sbss2.* .gnu.linkonce.sb2.*)
                0x9d003898                . = ALIGN (0x4)

.dbg_data       0xa0000000      0x200
                0xa0000000                . = (. + DEFINED (_DEBUGGER)?0x200:0x0)
 *fill*         0xa0000000      0x200 00

.persist        0xa0000200        0x0
                0xa0000200                _persist_begin = .
 *(.persist .persist.*)
                0xa0000200                . = ALIGN (0x4)
                0xa0000200                _persist_end = .

.eh_frame       0xa0000200        0x0
 .eh_frame      0xa0000200        0x0 /opt/mpide/hardware/pic32/compiler/pic32-tools/bin/../lib/gcc/pic32mx/4.5.1/crtbegin.o

.jcr            0xa0000200        0x0
 .jcr           0xa0000200        0x0 /opt/mpide/hardware/pic32/compiler/pic32-tools/bin/../lib/gcc/pic32mx/4.5.1/crtbegin.o

.data           0xa0000200       0x18 load address 0x9d003898
                0xa0000200                _data_begin = .
 *(.data .data.* .gnu.linkonce.d.*)
 .data.gCoreTimerInfo
                0xa0000200       0x18 build/core.a(wiring.o)
                0xa0000200                gCoreTimerInfo
 *(.gnu.linkonce.d.*personality*)
 *(.data1)
                0x9d003898                _data_image_begin = LOADADDR (.data)
                0xa0000218                . = .
                0xa0008210                _gp = (ALIGN (0x10) + 0x7ff0)

.got
 *(.got.plt)
 *(.got)

.sdata          0xa0000218        0x8 load address 0x9d0038b0
                0xa0000218                _sdata_begin = .
 *(.sdata .sdata.* .gnu.linkonce.s.*)
 .sdata         0xa0000218        0x8 /opt/mpide/hardware/pic32/compiler/pic32-tools/bin/../lib/gcc/pic32mx/4.5.1/../../../../pic32mx/lib/libmchp_peripheral_32MX795F512L.a(_rtcc_wait_clock_off_lib.o)
                0xa0000218                _RtccWaitClkStepSz
                0xa000021c                _RtccWaitClkSteps
                0xa0000220                _sdata_end = .

.lit8
 *(.lit8)

.lit4
 *(.lit4)
                0xa0000220                . = ALIGN (0x4)
                0xa0000220                _data_end = .
                0xa0000220                _bss_begin = .

.sbss           0xa0000220       0x24 load address 0x9d0038b8
                0xa0000220                _sbss_begin = .
 *(.dynsbss)
 *(.sbss .sbss.* .gnu.linkonce.sb.*)
 .sbss.cntActiveTask
                0xa0000220        0x4 build/core.a(task_manager.o)
 .sbss.tmsNextEvent
                0xa0000224        0x4 build/core.a(task_manager.o)
 .sbss.tmsLastEvent
                0xa0000228        0x4 build/core.a(task_manager.o)
 .sbss.gTimer0_millis
                0xa000022c        0x4 build/core.a(wiring.o)
                0xa000022c                gTimer0_millis
 .sbss.gCore_timer_last_val
                0xa0000230        0x4 build/core.a(wiring.o)
                0xa0000230                gCore_timer_last_val
 .sbss.gLastBaseCount
                0xa0000234        0x4 build/core.a(wiring.o)
 .sbss.nextInt.20075
                0xa0000238        0x4 build/core.a(wiring.o)
 .sbss.pwm_active
                0xa000023c        0x1 build/core.a(wiring_analog.o)
                0xa000023c                pwm_active
 *(.scommon)
 *fill*         0xa000023d        0x3 00
 .scommon       0xa0000240        0x4 build/core.a(wiring.o)
                0xa0000240                __PIC32_pbClk
                0xa0000244                _sbss_end = .

.bss            0xa0000244       0xc0 load address 0x9d0038b8
 *(.dynbss)
 *(.bss .bss.* .gnu.linkonce.b.*)
 .bss.completed.2896
                0xa0000244        0x1 /opt/mpide/hardware/pic32/compiler/pic32-tools/bin/../lib/gcc/pic32mx/4.5.1/crtbegin.o
 *fill*         0xa0000245        0x3 00
 .bss.dtor_idx.2898
                0xa0000248        0x4 /opt/mpide/hardware/pic32/compiler/pic32-tools/bin/../lib/gcc/pic32mx/4.5.1/crtbegin.o
 .bss.object.2908
                0xa000024c       0x18 /opt/mpide/hardware/pic32/compiler/pic32-tools/bin/../lib/gcc/pic32mx/4.5.1/crtbegin.o
 .bss.rgtaskTable
                0xa0000264       0xa0 build/core.a(task_manager.o)
 *(COMMON)
                0xa0000304                . = ALIGN (0x4)
                0xa0000304                . = ALIGN (0x4)
                0xa0000304                _end = .
                0xa0000304                _bss_end = .

.heap           0xa0000308      0x800 load address 0x9d0038b8
                0xa0000308                _heap = .
                0xa0000b08                . = (. + _min_heap_size)
 *fill*         0xa0000308      0x800 00
                0xa0000b08                . = ALIGN (0x8)

.stack          0xa0000b08      0x800 load address 0x9d0038b8
                0xa0000b08                _splim = .
                0xa0000b08                _SPLIM = .
                0xa0001308                . = (. + _min_stack_size)
 *fill*         0xa0000b08      0x800 00
                0xa0001308                . = ALIGN (0x8)

.ramfunc        0xa0001800        0x0 load address 0x9d0038b8
                0xa0001800                _ramfunc_begin = .
 *(.ramfunc .ramfunc.*)
                0xa0001800                . = ALIGN (0x4)
                0xa0001800                _ramfunc_end = .
                0x9d0038b8                _ramfunc_image_begin = LOADADDR (.ramfunc)
                0x00000000                _ramfunc_length = SIZEOF (.ramfunc)
                0x00001800                _bmxdkpba_address = (_ramfunc_begin - 0xa0000000)
                0x00020000                _bmxdudba_address = 0x20000
                0x00020000                _bmxdupba_address = 0x20000
                0xa0020000                _stack = (_ramfunc_length > 0x0)?(_ramfunc_begin - 0x4):0xa0020000
                0x00000001                ASSERT (((_min_stack_size + _min_heap_size) <= (_stack - _heap)), Not enough space to allocate both stack and heap.  Reduce heap and/or stack size.)

.stab
 *(.stab)

.stabstr
 *(.stabstr)

.stab.excl
 *(.stab.excl)

.stab.exclstr
 *(.stab.exclstr)

.stab.index
 *(.stab.index)

.stab.indexstr
 *(.stab.indexstr)

.comment        0x00000000       0x95
 *(.comment)
 .comment       0x00000000       0x44 /opt/mpide/hardware/pic32/compiler/pic32-tools/bin/../lib/gcc/pic32mx/4.5.1/crtbegin.o
                                 0x45 (size before relaxing)
 .comment       0x00000000       0x45 build/Blink.cpp.o
 .comment       0x00000000       0x45 build/core.a(main.o)
 .comment       0x00000000       0x45 build/core.a(task_manager.o)
 .comment       0x00000000       0x45 build/core.a(wiring.o)
 .comment       0x00000000       0x45 build/core.a(wiring_digital.o)
 .comment       0x00000000       0x45 build/core.a(pins_arduino.o)
 .comment       0x00000000       0x45 build/core.a(wiring_analog.o)
 .comment       0x00000000       0x45 /opt/mpide/hardware/pic32/compiler/pic32-tools/bin/../lib/gcc/pic32mx/4.5.1/../../../../pic32mx/lib/libpic32.a(default-general-exception-handler.o)
 .comment       0x00000000       0x45 /opt/mpide/hardware/pic32/compiler/pic32-tools/bin/../lib/gcc/pic32mx/4.5.1/../../../../pic32mx/lib/libpic32.a(default-bootstrap-exception-handler.o)
 .comment       0x00000000       0x45 /opt/mpide/hardware/pic32/compiler/pic32-tools/bin/../lib/gcc/pic32mx/4.5.1/../../../../pic32mx/lib/libpic32.a(default-on-reset.o)
 .comment       0x00000000       0x45 /opt/mpide/hardware/pic32/compiler/pic32-tools/bin/../lib/gcc/pic32mx/4.5.1/../../../../pic32mx/lib/libpic32.a(default-on-bootstrap.o)
 .comment       0x00000044       0x51 /opt/mpide/hardware/pic32/compiler/pic32-tools/bin/../lib/gcc/pic32mx/4.5.1/../../../../pic32mx/lib/libmchp_peripheral.a(open_core_timer_lib.o)
                                 0x52 (size before relaxing)
 .comment       0x00000000       0x52 /opt/mpide/hardware/pic32/compiler/pic32-tools/bin/../lib/gcc/pic32mx/4.5.1/../../../../pic32mx/lib/libmchp_peripheral.a(read_core_timer_lib.o)
 .comment       0x00000000       0x52 /opt/mpide/hardware/pic32/compiler/pic32-tools/bin/../lib/gcc/pic32mx/4.5.1/../../../../pic32mx/lib/libmchp_peripheral_32MX795F512L.a(pcache.o)
 .comment       0x00000000       0x52 /opt/mpide/hardware/pic32/compiler/pic32-tools/bin/../lib/gcc/pic32mx/4.5.1/../../../../pic32mx/lib/libmchp_peripheral_32MX795F512L.a(int_restore_interrupts_lib.o)
 .comment       0x00000000       0x52 /opt/mpide/hardware/pic32/compiler/pic32-tools/bin/../lib/gcc/pic32mx/4.5.1/../../../../pic32mx/lib/libmchp_peripheral_32MX795F512L.a(int_enable_mv_int_lib.o)
 .comment       0x00000000       0x52 /opt/mpide/hardware/pic32/compiler/pic32-tools/bin/../lib/gcc/pic32mx/4.5.1/../../../../pic32mx/lib/libmchp_peripheral_32MX795F512L.a(rtcc_init_lib.o)
 .comment       0x00000000       0x52 /opt/mpide/hardware/pic32/compiler/pic32-tools/bin/../lib/gcc/pic32mx/4.5.1/../../../../pic32mx/lib/libmchp_peripheral_32MX795F512L.a(rtcc_set_time_date_lib.o)
 .comment       0x00000000       0x52 /opt/mpide/hardware/pic32/compiler/pic32-tools/bin/../lib/gcc/pic32mx/4.5.1/../../../../pic32mx/lib/libmchp_peripheral_32MX795F512L.a(rtcc_open_lib.o)
 .comment       0x00000000       0x52 /opt/mpide/hardware/pic32/compiler/pic32-tools/bin/../lib/gcc/pic32mx/4.5.1/../../../../pic32mx/lib/libmchp_peripheral_32MX795F512L.a(int_tbl_lib.o)
 .comment       0x00000000       0x52 /opt/mpide/hardware/pic32/compiler/pic32-tools/bin/../lib/gcc/pic32mx/4.5.1/../../../../pic32mx/lib/libmchp_peripheral_32MX795F512L.a(_rtcc_set_time_and_date_lib.o)
 .comment       0x00000000       0x52 /opt/mpide/hardware/pic32/compiler/pic32-tools/bin/../lib/gcc/pic32mx/4.5.1/../../../../pic32mx/lib/libmchp_peripheral_32MX795F512L.a(_rtcc_wait_clock_off_lib.o)
 .comment       0x00000000       0x45 /opt/mpide/hardware/pic32/compiler/pic32-tools/bin/../lib/gcc/pic32mx/4.5.1/crtend.o

.debug
 *(.debug)

.line
 *(.line)

.debug_srcinfo
 *(.debug_srcinfo)

.debug_sfnames
 *(.debug_sfnames)

.debug_aranges  0x00000000      0x428
 *(.debug_aranges)
 .debug_aranges
                0x00000000       0x48 build/Blink.cpp.o
 .debug_aranges
                0x00000048       0x40 build/core.a(main.o)
 .debug_aranges
                0x00000088       0x88 build/core.a(task_manager.o)
 .debug_aranges
                0x00000110       0x98 build/core.a(wiring.o)
 .debug_aranges
                0x000001a8       0x38 build/core.a(wiring_digital.o)
 .debug_aranges
                0x000001e0       0x40 build/core.a(pins_arduino.o)
 .debug_aranges
                0x00000220       0x58 build/core.a(wiring_analog.o)
 .debug_aranges
                0x00000278       0x20 /opt/mpide/hardware/pic32/compiler/pic32-tools/bin/../lib/gcc/pic32mx/4.5.1/../../../../pic32mx/lib/libmchp_peripheral.a(open_core_timer_lib.o)
 .debug_aranges
                0x00000298       0x20 /opt/mpide/hardware/pic32/compiler/pic32-tools/bin/../lib/gcc/pic32mx/4.5.1/../../../../pic32mx/lib/libmchp_peripheral.a(read_core_timer_lib.o)
 .debug_aranges
                0x000002b8       0x28 /opt/mpide/hardware/pic32/compiler/pic32-tools/bin/../lib/gcc/pic32mx/4.5.1/../../../../pic32mx/lib/libmchp_peripheral_32MX795F512L.a(pcache.o)
 .debug_aranges
                0x000002e0       0x20 /opt/mpide/hardware/pic32/compiler/pic32-tools/bin/../lib/gcc/pic32mx/4.5.1/../../../../pic32mx/lib/libmchp_peripheral_32MX795F512L.a(int_restore_interrupts_lib.o)
 .debug_aranges
                0x00000300       0x20 /opt/mpide/hardware/pic32/compiler/pic32-tools/bin/../lib/gcc/pic32mx/4.5.1/../../../../pic32mx/lib/libmchp_peripheral_32MX795F512L.a(int_enable_mv_int_lib.o)
 .debug_aranges
                0x00000320       0x20 /opt/mpide/hardware/pic32/compiler/pic32-tools/bin/../lib/gcc/pic32mx/4.5.1/../../../../pic32mx/lib/libmchp_peripheral_32MX795F512L.a(rtcc_init_lib.o)
 .debug_aranges
                0x00000340       0x20 /opt/mpide/hardware/pic32/compiler/pic32-tools/bin/../lib/gcc/pic32mx/4.5.1/../../../../pic32mx/lib/libmchp_peripheral_32MX795F512L.a(rtcc_set_time_date_lib.o)
 .debug_aranges
                0x00000360       0x20 /opt/mpide/hardware/pic32/compiler/pic32-tools/bin/../lib/gcc/pic32mx/4.5.1/../../../../pic32mx/lib/libmchp_peripheral_32MX795F512L.a(rtcc_open_lib.o)
 .debug_aranges
                0x00000380       0x60 /opt/mpide/hardware/pic32/compiler/pic32-tools/bin/../lib/gcc/pic32mx/4.5.1/../../../../pic32mx/lib/libmchp_peripheral_32MX795F512L.a(int_tbl_lib.o)
 .debug_aranges
                0x000003e0       0x20 /opt/mpide/hardware/pic32/compiler/pic32-tools/bin/../lib/gcc/pic32mx/4.5.1/../../../../pic32mx/lib/libmchp_peripheral_32MX795F512L.a(_rtcc_set_time_and_date_lib.o)
 .debug_aranges
                0x00000400       0x28 /opt/mpide/hardware/pic32/compiler/pic32-tools/bin/../lib/gcc/pic32mx/4.5.1/../../../../pic32mx/lib/libmchp_peripheral_32MX795F512L.a(_rtcc_wait_clock_off_lib.o)

.debug_pubnames
                0x00000000      0x6e4
 *(.debug_pubnames)
 .debug_pubnames
                0x00000000       0x25 build/Blink.cpp.o
 .debug_pubnames
                0x00000025       0x1b build/core.a(main.o)
 .debug_pubnames
                0x00000040      0x103 build/core.a(task_manager.o)
 .debug_pubnames
                0x00000143      0x1d1 build/core.a(wiring.o)
 .debug_pubnames
                0x00000314       0x4e build/core.a(wiring_digital.o)
 .debug_pubnames
                0x00000362       0x90 build/core.a(pins_arduino.o)
 .debug_pubnames
                0x000003f2       0x78 build/core.a(wiring_analog.o)
 .debug_pubnames
                0x0000046a       0x24 /opt/mpide/hardware/pic32/compiler/pic32-tools/bin/../lib/gcc/pic32mx/4.5.1/../../../../pic32mx/lib/libmchp_peripheral.a(open_core_timer_lib.o)
 .debug_pubnames
                0x0000048e       0x24 /opt/mpide/hardware/pic32/compiler/pic32-tools/bin/../lib/gcc/pic32mx/4.5.1/../../../../pic32mx/lib/libmchp_peripheral.a(read_core_timer_lib.o)
 .debug_pubnames
                0x000004b2       0x3b /opt/mpide/hardware/pic32/compiler/pic32-tools/bin/../lib/gcc/pic32mx/4.5.1/../../../../pic32mx/lib/libmchp_peripheral_32MX795F512L.a(pcache.o)
 .debug_pubnames
                0x000004ed       0x2b /opt/mpide/hardware/pic32/compiler/pic32-tools/bin/../lib/gcc/pic32mx/4.5.1/../../../../pic32mx/lib/libmchp_peripheral_32MX795F512L.a(int_restore_interrupts_lib.o)
 .debug_pubnames
                0x00000518       0x36 /opt/mpide/hardware/pic32/compiler/pic32-tools/bin/../lib/gcc/pic32mx/4.5.1/../../../../pic32mx/lib/libmchp_peripheral_32MX795F512L.a(int_enable_mv_int_lib.o)
 .debug_pubnames
                0x0000054e       0x1f /opt/mpide/hardware/pic32/compiler/pic32-tools/bin/../lib/gcc/pic32mx/4.5.1/../../../../pic32mx/lib/libmchp_peripheral_32MX795F512L.a(rtcc_init_lib.o)
 .debug_pubnames
                0x0000056d       0x26 /opt/mpide/hardware/pic32/compiler/pic32-tools/bin/../lib/gcc/pic32mx/4.5.1/../../../../pic32mx/lib/libmchp_peripheral_32MX795F512L.a(rtcc_set_time_date_lib.o)
 .debug_pubnames
                0x00000593       0x1f /opt/mpide/hardware/pic32/compiler/pic32-tools/bin/../lib/gcc/pic32mx/4.5.1/../../../../pic32mx/lib/libmchp_peripheral_32MX795F512L.a(rtcc_open_lib.o)
 .debug_pubnames
                0x000005b2       0xca /opt/mpide/hardware/pic32/compiler/pic32-tools/bin/../lib/gcc/pic32mx/4.5.1/../../../../pic32mx/lib/libmchp_peripheral_32MX795F512L.a(int_tbl_lib.o)
 .debug_pubnames
                0x0000067c       0x2a /opt/mpide/hardware/pic32/compiler/pic32-tools/bin/../lib/gcc/pic32mx/4.5.1/../../../../pic32mx/lib/libmchp_peripheral_32MX795F512L.a(_rtcc_set_time_and_date_lib.o)
 .debug_pubnames
                0x000006a6       0x3e /opt/mpide/hardware/pic32/compiler/pic32-tools/bin/../lib/gcc/pic32mx/4.5.1/../../../../pic32mx/lib/libmchp_peripheral_32MX795F512L.a(_rtcc_wait_clock_off_lib.o)

.debug_info     0x00000000     0x59bd
 *(.debug_info .gnu.linkonce.wi.*)
 .debug_info    0x00000000      0x2a3 build/Blink.cpp.o
 .debug_info    0x000002a3      0x293 build/core.a(main.o)
 .debug_info    0x00000536      0x54c build/core.a(task_manager.o)
 .debug_info    0x00000a82     0x1998 build/core.a(wiring.o)
 .debug_info    0x0000241a      0x40d build/core.a(wiring_digital.o)
 .debug_info    0x00002827     0x12c6 build/core.a(pins_arduino.o)
 .debug_info    0x00003aed     0x1412 build/core.a(wiring_analog.o)
 .debug_info    0x00004eff       0xbf /opt/mpide/hardware/pic32/compiler/pic32-tools/bin/../lib/gcc/pic32mx/4.5.1/../../../../pic32mx/lib/libmchp_peripheral.a(open_core_timer_lib.o)
 .debug_info    0x00004fbe       0xbf /opt/mpide/hardware/pic32/compiler/pic32-tools/bin/../lib/gcc/pic32mx/4.5.1/../../../../pic32mx/lib/libmchp_peripheral.a(read_core_timer_lib.o)
 .debug_info    0x0000507d       0xd4 /opt/mpide/hardware/pic32/compiler/pic32-tools/bin/../lib/gcc/pic32mx/4.5.1/../../../../pic32mx/lib/libmchp_peripheral_32MX795F512L.a(pcache.o)
 .debug_info    0x00005151       0xcb /opt/mpide/hardware/pic32/compiler/pic32-tools/bin/../lib/gcc/pic32mx/4.5.1/../../../../pic32mx/lib/libmchp_peripheral_32MX795F512L.a(int_restore_interrupts_lib.o)
 .debug_info    0x0000521c       0xd1 /opt/mpide/hardware/pic32/compiler/pic32-tools/bin/../lib/gcc/pic32mx/4.5.1/../../../../pic32mx/lib/libmchp_peripheral_32MX795F512L.a(int_enable_mv_int_lib.o)
 .debug_info    0x000052ed      0x121 /opt/mpide/hardware/pic32/compiler/pic32-tools/bin/../lib/gcc/pic32mx/4.5.1/../../../../pic32mx/lib/libmchp_peripheral_32MX795F512L.a(rtcc_init_lib.o)
 .debug_info    0x0000540e       0xc3 /opt/mpide/hardware/pic32/compiler/pic32-tools/bin/../lib/gcc/pic32mx/4.5.1/../../../../pic32mx/lib/libmchp_peripheral_32MX795F512L.a(rtcc_set_time_date_lib.o)
 .debug_info    0x000054d1      0x121 /opt/mpide/hardware/pic32/compiler/pic32-tools/bin/../lib/gcc/pic32mx/4.5.1/../../../../pic32mx/lib/libmchp_peripheral_32MX795F512L.a(rtcc_open_lib.o)
 .debug_info    0x000055f2      0x1ab /opt/mpide/hardware/pic32/compiler/pic32-tools/bin/../lib/gcc/pic32mx/4.5.1/../../../../pic32mx/lib/libmchp_peripheral_32MX795F512L.a(int_tbl_lib.o)
 .debug_info    0x0000579d      0x124 /opt/mpide/hardware/pic32/compiler/pic32-tools/bin/../lib/gcc/pic32mx/4.5.1/../../../../pic32mx/lib/libmchp_peripheral_32MX795F512L.a(_rtcc_set_time_and_date_lib.o)
 .debug_info    0x000058c1       0xfc /opt/mpide/hardware/pic32/compiler/pic32-tools/bin/../lib/gcc/pic32mx/4.5.1/../../../../pic32mx/lib/libmchp_peripheral_32MX795F512L.a(_rtcc_wait_clock_off_lib.o)

.debug_abbrev   0x00000000      0xfb0
 *(.debug_abbrev)
 .debug_abbrev  0x00000000       0xf8 build/Blink.cpp.o
 .debug_abbrev  0x000000f8       0xfa build/core.a(main.o)
 .debug_abbrev  0x000001f2      0x195 build/core.a(task_manager.o)
 .debug_abbrev  0x00000387      0x3c4 build/core.a(wiring.o)
 .debug_abbrev  0x0000074b      0x142 build/core.a(wiring_digital.o)
 .debug_abbrev  0x0000088d      0x2c7 build/core.a(pins_arduino.o)
 .debug_abbrev  0x00000b54      0x262 build/core.a(wiring_analog.o)
 .debug_abbrev  0x00000db6       0x25 /opt/mpide/hardware/pic32/compiler/pic32-tools/bin/../lib/gcc/pic32mx/4.5.1/../../../../pic32mx/lib/libmchp_peripheral.a(open_core_timer_lib.o)
 .debug_abbrev  0x00000ddb       0x25 /opt/mpide/hardware/pic32/compiler/pic32-tools/bin/../lib/gcc/pic32mx/4.5.1/../../../../pic32mx/lib/libmchp_peripheral.a(read_core_timer_lib.o)
 .debug_abbrev  0x00000e00       0x25 /opt/mpide/hardware/pic32/compiler/pic32-tools/bin/../lib/gcc/pic32mx/4.5.1/../../../../pic32mx/lib/libmchp_peripheral_32MX795F512L.a(pcache.o)
 .debug_abbrev  0x00000e25       0x25 /opt/mpide/hardware/pic32/compiler/pic32-tools/bin/../lib/gcc/pic32mx/4.5.1/../../../../pic32mx/lib/libmchp_peripheral_32MX795F512L.a(int_restore_interrupts_lib.o)
 .debug_abbrev  0x00000e4a       0x25 /opt/mpide/hardware/pic32/compiler/pic32-tools/bin/../lib/gcc/pic32mx/4.5.1/../../../../pic32mx/lib/libmchp_peripheral_32MX795F512L.a(int_enable_mv_int_lib.o)
 .debug_abbrev  0x00000e6f       0x41 /opt/mpide/hardware/pic32/compiler/pic32-tools/bin/../lib/gcc/pic32mx/4.5.1/../../../../pic32mx/lib/libmchp_peripheral_32MX795F512L.a(rtcc_init_lib.o)
 .debug_abbrev  0x00000eb0       0x25 /opt/mpide/hardware/pic32/compiler/pic32-tools/bin/../lib/gcc/pic32mx/4.5.1/../../../../pic32mx/lib/libmchp_peripheral_32MX795F512L.a(rtcc_set_time_date_lib.o)
 .debug_abbrev  0x00000ed5       0x41 /opt/mpide/hardware/pic32/compiler/pic32-tools/bin/../lib/gcc/pic32mx/4.5.1/../../../../pic32mx/lib/libmchp_peripheral_32MX795F512L.a(rtcc_open_lib.o)
 .debug_abbrev  0x00000f16       0x25 /opt/mpide/hardware/pic32/compiler/pic32-tools/bin/../lib/gcc/pic32mx/4.5.1/../../../../pic32mx/lib/libmchp_peripheral_32MX795F512L.a(int_tbl_lib.o)
 .debug_abbrev  0x00000f3b       0x41 /opt/mpide/hardware/pic32/compiler/pic32-tools/bin/../lib/gcc/pic32mx/4.5.1/../../../../pic32mx/lib/libmchp_peripheral_32MX795F512L.a(_rtcc_set_time_and_date_lib.o)
 .debug_abbrev  0x00000f7c       0x34 /opt/mpide/hardware/pic32/compiler/pic32-tools/bin/../lib/gcc/pic32mx/4.5.1/../../../../pic32mx/lib/libmchp_peripheral_32MX795F512L.a(_rtcc_wait_clock_off_lib.o)

.debug_line     0x00000000     0x192f
 *(.debug_line)
 .debug_line    0x00000000      0x18e build/Blink.cpp.o
 .debug_line    0x0000018e      0x17c build/core.a(main.o)
 .debug_line    0x0000030a      0x314 build/core.a(task_manager.o)
 .debug_line    0x0000061e      0x4bd build/core.a(wiring.o)
 .debug_line    0x00000adb      0x211 build/core.a(wiring_digital.o)
 .debug_line    0x00000cec      0x2cb build/core.a(pins_arduino.o)
 .debug_line    0x00000fb7      0x32c build/core.a(wiring_analog.o)
 .debug_line    0x000012e3       0x6e /opt/mpide/hardware/pic32/compiler/pic32-tools/bin/../lib/gcc/pic32mx/4.5.1/../../../../pic32mx/lib/libmchp_peripheral.a(open_core_timer_lib.o)
 .debug_line    0x00001351       0x6e /opt/mpide/hardware/pic32/compiler/pic32-tools/bin/../lib/gcc/pic32mx/4.5.1/../../../../pic32mx/lib/libmchp_peripheral.a(read_core_timer_lib.o)
 .debug_line    0x000013bf       0x62 /opt/mpide/hardware/pic32/compiler/pic32-tools/bin/../lib/gcc/pic32mx/4.5.1/../../../../pic32mx/lib/libmchp_peripheral_32MX795F512L.a(pcache.o)
 .debug_line    0x00001421       0x73 /opt/mpide/hardware/pic32/compiler/pic32-tools/bin/../lib/gcc/pic32mx/4.5.1/../../../../pic32mx/lib/libmchp_peripheral_32MX795F512L.a(int_restore_interrupts_lib.o)
 .debug_line    0x00001494       0x6e /opt/mpide/hardware/pic32/compiler/pic32-tools/bin/../lib/gcc/pic32mx/4.5.1/../../../../pic32mx/lib/libmchp_peripheral_32MX795F512L.a(int_enable_mv_int_lib.o)
 .debug_line    0x00001502       0xda /opt/mpide/hardware/pic32/compiler/pic32-tools/bin/../lib/gcc/pic32mx/4.5.1/../../../../pic32mx/lib/libmchp_peripheral_32MX795F512L.a(rtcc_init_lib.o)
 .debug_line    0x000015dc       0x70 /opt/mpide/hardware/pic32/compiler/pic32-tools/bin/../lib/gcc/pic32mx/4.5.1/../../../../pic32mx/lib/libmchp_peripheral_32MX795F512L.a(rtcc_set_time_date_lib.o)
 .debug_line    0x0000164c       0xda /opt/mpide/hardware/pic32/compiler/pic32-tools/bin/../lib/gcc/pic32mx/4.5.1/../../../../pic32mx/lib/libmchp_peripheral_32MX795F512L.a(rtcc_open_lib.o)
 .debug_line    0x00001726       0x64 /opt/mpide/hardware/pic32/compiler/pic32-tools/bin/../lib/gcc/pic32mx/4.5.1/../../../../pic32mx/lib/libmchp_peripheral_32MX795F512L.a(int_tbl_lib.o)
 .debug_line    0x0000178a       0xe8 /opt/mpide/hardware/pic32/compiler/pic32-tools/bin/../lib/gcc/pic32mx/4.5.1/../../../../pic32mx/lib/libmchp_peripheral_32MX795F512L.a(_rtcc_set_time_and_date_lib.o)
 .debug_line    0x00001872       0xbd /opt/mpide/hardware/pic32/compiler/pic32-tools/bin/../lib/gcc/pic32mx/4.5.1/../../../../pic32mx/lib/libmchp_peripheral_32MX795F512L.a(_rtcc_wait_clock_off_lib.o)

.debug_frame    0x00000000      0x928
 *(.debug_frame)
 .debug_frame   0x00000000       0xb8 build/Blink.cpp.o
 .debug_frame   0x000000b8       0x9c build/core.a(main.o)
 .debug_frame   0x00000154      0x198 build/core.a(task_manager.o)
 .debug_frame   0x000002ec      0x1dc build/core.a(wiring.o)
 .debug_frame   0x000004c8       0x80 build/core.a(wiring_digital.o)
 .debug_frame   0x00000548       0x9c build/core.a(pins_arduino.o)
 .debug_frame   0x000005e4       0xf0 build/core.a(wiring_analog.o)
 .debug_frame   0x000006d4       0x20 /opt/mpide/hardware/pic32/compiler/pic32-tools/bin/../lib/gcc/pic32mx/4.5.1/../../../../pic32mx/lib/libmchp_peripheral.a(open_core_timer_lib.o)
 .debug_frame   0x000006f4       0x20 /opt/mpide/hardware/pic32/compiler/pic32-tools/bin/../lib/gcc/pic32mx/4.5.1/../../../../pic32mx/lib/libmchp_peripheral.a(read_core_timer_lib.o)
 .debug_frame   0x00000714       0x30 /opt/mpide/hardware/pic32/compiler/pic32-tools/bin/../lib/gcc/pic32mx/4.5.1/../../../../pic32mx/lib/libmchp_peripheral_32MX795F512L.a(pcache.o)
 .debug_frame   0x00000744       0x20 /opt/mpide/hardware/pic32/compiler/pic32-tools/bin/../lib/gcc/pic32mx/4.5.1/../../../../pic32mx/lib/libmchp_peripheral_32MX795F512L.a(int_restore_interrupts_lib.o)
 .debug_frame   0x00000764       0x28 /opt/mpide/hardware/pic32/compiler/pic32-tools/bin/../lib/gcc/pic32mx/4.5.1/../../../../pic32mx/lib/libmchp_peripheral_32MX795F512L.a(int_enable_mv_int_lib.o)
 .debug_frame   0x0000078c       0x2c /opt/mpide/hardware/pic32/compiler/pic32-tools/bin/../lib/gcc/pic32mx/4.5.1/../../../../pic32mx/lib/libmchp_peripheral_32MX795F512L.a(rtcc_init_lib.o)
 .debug_frame   0x000007b8       0x28 /opt/mpide/hardware/pic32/compiler/pic32-tools/bin/../lib/gcc/pic32mx/4.5.1/../../../../pic32mx/lib/libmchp_peripheral_32MX795F512L.a(rtcc_set_time_date_lib.o)
 .debug_frame   0x000007e0       0x34 /opt/mpide/hardware/pic32/compiler/pic32-tools/bin/../lib/gcc/pic32mx/4.5.1/../../../../pic32mx/lib/libmchp_peripheral_32MX795F512L.a(rtcc_open_lib.o)
 .debug_frame   0x00000814       0xa0 /opt/mpide/hardware/pic32/compiler/pic32-tools/bin/../lib/gcc/pic32mx/4.5.1/../../../../pic32mx/lib/libmchp_peripheral_32MX795F512L.a(int_tbl_lib.o)
 .debug_frame   0x000008b4       0x30 /opt/mpide/hardware/pic32/compiler/pic32-tools/bin/../lib/gcc/pic32mx/4.5.1/../../../../pic32mx/lib/libmchp_peripheral_32MX795F512L.a(_rtcc_set_time_and_date_lib.o)
 .debug_frame   0x000008e4       0x44 /opt/mpide/hardware/pic32/compiler/pic32-tools/bin/../lib/gcc/pic32mx/4.5.1/../../../../pic32mx/lib/libmchp_peripheral_32MX795F512L.a(_rtcc_wait_clock_off_lib.o)

.debug_str      0x00000000      0xd41
 *(.debug_str)
 .debug_str     0x00000000      0x10b build/Blink.cpp.o
                                0x150 (size before relaxing)
 .debug_str     0x0000010b       0x49 build/core.a(main.o)
                                0x154 (size before relaxing)
 .debug_str     0x00000154      0x1cb build/core.a(task_manager.o)
                                0x2a9 (size before relaxing)
 .debug_str     0x0000031f      0x80e build/core.a(wiring.o)
                                0x9b5 (size before relaxing)
 .debug_str     0x00000b2d       0xcc build/core.a(wiring_digital.o)
                                0x204 (size before relaxing)
 .debug_str     0x00000bf9       0x43 build/core.a(pins_arduino.o)
                                0x6bf (size before relaxing)
 .debug_str     0x00000c3c      0x105 build/core.a(wiring_analog.o)
                                0x70a (size before relaxing)
 .debug_str     0x00000d41        0x0 /opt/mpide/hardware/pic32/compiler/pic32-tools/bin/../lib/gcc/pic32mx/4.5.1/../../../../pic32mx/lib/libmchp_peripheral.a(open_core_timer_lib.o)
 .debug_str     0x00000d41        0x0 /opt/mpide/hardware/pic32/compiler/pic32-tools/bin/../lib/gcc/pic32mx/4.5.1/../../../../pic32mx/lib/libmchp_peripheral.a(read_core_timer_lib.o)
 .debug_str     0x00000d41        0x0 /opt/mpide/hardware/pic32/compiler/pic32-tools/bin/../lib/gcc/pic32mx/4.5.1/../../../../pic32mx/lib/libmchp_peripheral_32MX795F512L.a(pcache.o)
 .debug_str     0x00000d41        0x0 /opt/mpide/hardware/pic32/compiler/pic32-tools/bin/../lib/gcc/pic32mx/4.5.1/../../../../pic32mx/lib/libmchp_peripheral_32MX795F512L.a(int_restore_interrupts_lib.o)
 .debug_str     0x00000d41        0x0 /opt/mpide/hardware/pic32/compiler/pic32-tools/bin/../lib/gcc/pic32mx/4.5.1/../../../../pic32mx/lib/libmchp_peripheral_32MX795F512L.a(int_enable_mv_int_lib.o)
 .debug_str     0x00000d41        0x0 /opt/mpide/hardware/pic32/compiler/pic32-tools/bin/../lib/gcc/pic32mx/4.5.1/../../../../pic32mx/lib/libmchp_peripheral_32MX795F512L.a(rtcc_init_lib.o)
 .debug_str     0x00000d41        0x0 /opt/mpide/hardware/pic32/compiler/pic32-tools/bin/../lib/gcc/pic32mx/4.5.1/../../../../pic32mx/lib/libmchp_peripheral_32MX795F512L.a(rtcc_set_time_date_lib.o)
 .debug_str     0x00000d41        0x0 /opt/mpide/hardware/pic32/compiler/pic32-tools/bin/../lib/gcc/pic32mx/4.5.1/../../../../pic32mx/lib/libmchp_peripheral_32MX795F512L.a(rtcc_open_lib.o)
 .debug_str     0x00000d41        0x0 /opt/mpide/hardware/pic32/compiler/pic32-tools/bin/../lib/gcc/pic32mx/4.5.1/../../../../pic32mx/lib/libmchp_peripheral_32MX795F512L.a(int_tbl_lib.o)
 .debug_str     0x00000d41        0x0 /opt/mpide/hardware/pic32/compiler/pic32-tools/bin/../lib/gcc/pic32mx/4.5.1/../../../../pic32mx/lib/libmchp_peripheral_32MX795F512L.a(_rtcc_set_time_and_date_lib.o)
 .debug_str     0x00000d41        0x0 /opt/mpide/hardware/pic32/compiler/pic32-tools/bin/../lib/gcc/pic32mx/4.5.1/../../../../pic32mx/lib/libmchp_peripheral_32MX795F512L.a(_rtcc_wait_clock_off_lib.o)

.debug_loc      0x00000000      0x9fc
 *(.debug_loc)
 .debug_loc     0x00000000      0x108 build/Blink.cpp.o
 .debug_loc     0x00000108       0xdc build/core.a(main.o)
 .debug_loc     0x000001e4      0x268 build/core.a(task_manager.o)
 .debug_loc     0x0000044c      0x2c4 build/core.a(wiring.o)
 .debug_loc     0x00000710       0xb0 build/core.a(wiring_digital.o)
 .debug_loc     0x000007c0       0xdc build/core.a(pins_arduino.o)
 .debug_loc     0x0000089c      0x160 build/core.a(wiring_analog.o)

.debug_macinfo
 *(.debug_macinfo)

.debug_weaknames
 *(.debug_weaknames)

.debug_funcnames
 *(.debug_funcnames)

.debug_typenames
 *(.debug_typenames)

.debug_varnames
 *(.debug_varnames)

.debug_pubtypes
                0x00000000      0x479
 *(.debug_pubtypes)
 .debug_pubtypes
                0x00000000       0x1e build/Blink.cpp.o
 .debug_pubtypes
                0x0000001e       0x1e build/core.a(main.o)
 .debug_pubtypes
                0x0000003c       0x4e build/core.a(task_manager.o)
 .debug_pubtypes
                0x0000008a      0x165 build/core.a(wiring.o)
 .debug_pubtypes
                0x000001ef       0x56 build/core.a(wiring_digital.o)
 .debug_pubtypes
                0x00000245      0x10d build/core.a(pins_arduino.o)
 .debug_pubtypes
                0x00000352      0x127 build/core.a(wiring_analog.o)

.debug_ranges   0x00000000      0x308
 *(.debug_ranges)
 .debug_ranges  0x00000000       0x38 build/Blink.cpp.o
 .debug_ranges  0x00000038       0x30 build/core.a(main.o)
 .debug_ranges  0x00000068       0x78 build/core.a(task_manager.o)
 .debug_ranges  0x000000e0       0x88 build/core.a(wiring.o)
 .debug_ranges  0x00000168       0x28 build/core.a(wiring_digital.o)
 .debug_ranges  0x00000190       0x30 build/core.a(pins_arduino.o)
 .debug_ranges  0x000001c0       0x48 build/core.a(wiring_analog.o)
 .debug_ranges  0x00000208       0x10 /opt/mpide/hardware/pic32/compiler/pic32-tools/bin/../lib/gcc/pic32mx/4.5.1/../../../../pic32mx/lib/libmchp_peripheral.a(open_core_timer_lib.o)
 .debug_ranges  0x00000218       0x10 /opt/mpide/hardware/pic32/compiler/pic32-tools/bin/../lib/gcc/pic32mx/4.5.1/../../../../pic32mx/lib/libmchp_peripheral.a(read_core_timer_lib.o)
 .debug_ranges  0x00000228       0x18 /opt/mpide/hardware/pic32/compiler/pic32-tools/bin/../lib/gcc/pic32mx/4.5.1/../../../../pic32mx/lib/libmchp_peripheral_32MX795F512L.a(pcache.o)
 .debug_ranges  0x00000240       0x10 /opt/mpide/hardware/pic32/compiler/pic32-tools/bin/../lib/gcc/pic32mx/4.5.1/../../../../pic32mx/lib/libmchp_peripheral_32MX795F512L.a(int_restore_interrupts_lib.o)
 .debug_ranges  0x00000250       0x10 /opt/mpide/hardware/pic32/compiler/pic32-tools/bin/../lib/gcc/pic32mx/4.5.1/../../../../pic32mx/lib/libmchp_peripheral_32MX795F512L.a(int_enable_mv_int_lib.o)
 .debug_ranges  0x00000260       0x10 /opt/mpide/hardware/pic32/compiler/pic32-tools/bin/../lib/gcc/pic32mx/4.5.1/../../../../pic32mx/lib/libmchp_peripheral_32MX795F512L.a(rtcc_init_lib.o)
 .debug_ranges  0x00000270       0x10 /opt/mpide/hardware/pic32/compiler/pic32-tools/bin/../lib/gcc/pic32mx/4.5.1/../../../../pic32mx/lib/libmchp_peripheral_32MX795F512L.a(rtcc_set_time_date_lib.o)
 .debug_ranges  0x00000280       0x10 /opt/mpide/hardware/pic32/compiler/pic32-tools/bin/../lib/gcc/pic32mx/4.5.1/../../../../pic32mx/lib/libmchp_peripheral_32MX795F512L.a(rtcc_open_lib.o)
 .debug_ranges  0x00000290       0x50 /opt/mpide/hardware/pic32/compiler/pic32-tools/bin/../lib/gcc/pic32mx/4.5.1/../../../../pic32mx/lib/libmchp_peripheral_32MX795F512L.a(int_tbl_lib.o)
 .debug_ranges  0x000002e0       0x10 /opt/mpide/hardware/pic32/compiler/pic32-tools/bin/../lib/gcc/pic32mx/4.5.1/../../../../pic32mx/lib/libmchp_peripheral_32MX795F512L.a(_rtcc_set_time_and_date_lib.o)
 .debug_ranges  0x000002f0       0x18 /opt/mpide/hardware/pic32/compiler/pic32-tools/bin/../lib/gcc/pic32mx/4.5.1/../../../../pic32mx/lib/libmchp_peripheral_32MX795F512L.a(_rtcc_wait_clock_off_lib.o)

.gnu.attributes
                0x00000000       0x10
 *(.gnu.attributes)
 .gnu.attributes
                0x00000000       0x10 /opt/mpide/hardware/pic32/compiler/pic32-tools/bin/../lib/gcc/pic32mx/4.5.1/crtbegin.o
 .gnu.attributes
                0x00000010       0x10 build/Blink.cpp.o
 .gnu.attributes
                0x00000020       0x10 build/core.a(main.o)
 .gnu.attributes
                0x00000030       0x10 build/core.a(task_manager.o)
 .gnu.attributes
                0x00000040       0x10 build/core.a(wiring.o)
 .gnu.attributes
                0x00000050       0x10 build/core.a(wiring_digital.o)
 .gnu.attributes
                0x00000060       0x10 build/core.a(pins_arduino.o)
 .gnu.attributes
                0x00000070       0x10 build/core.a(wiring_analog.o)
 .gnu.attributes
                0x00000080       0x10 /opt/mpide/hardware/pic32/compiler/pic32-tools/bin/../lib/gcc/pic32mx/4.5.1/../../../../pic32mx/lib/libpic32.a(default-general-exception-handler.o)
 .gnu.attributes
                0x00000090       0x10 /opt/mpide/hardware/pic32/compiler/pic32-tools/bin/../lib/gcc/pic32mx/4.5.1/../../../../pic32mx/lib/libpic32.a(default-bootstrap-exception-handler.o)
 .gnu.attributes
                0x000000a0       0x10 /opt/mpide/hardware/pic32/compiler/pic32-tools/bin/../lib/gcc/pic32mx/4.5.1/../../../../pic32mx/lib/libpic32.a(default-on-reset.o)
 .gnu.attributes
                0x000000b0       0x10 /opt/mpide/hardware/pic32/compiler/pic32-tools/bin/../lib/gcc/pic32mx/4.5.1/../../../../pic32mx/lib/libpic32.a(default-on-bootstrap.o)
 .gnu.attributes
                0x000000c0       0x10 /opt/mpide/hardware/pic32/compiler/pic32-tools/bin/../lib/gcc/pic32mx/4.5.1/../../../../pic32mx/lib/libmchp_peripheral.a(open_core_timer_lib.o)
 .gnu.attributes
                0x000000d0       0x10 /opt/mpide/hardware/pic32/compiler/pic32-tools/bin/../lib/gcc/pic32mx/4.5.1/../../../../pic32mx/lib/libmchp_peripheral.a(read_core_timer_lib.o)
 .gnu.attributes
                0x000000e0       0x10 /opt/mpide/hardware/pic32/compiler/pic32-tools/bin/../lib/gcc/pic32mx/4.5.1/../../../../pic32mx/lib/libmchp_peripheral_32MX795F512L.a(pcache.o)
 .gnu.attributes
                0x000000f0       0x10 /opt/mpide/hardware/pic32/compiler/pic32-tools/bin/../lib/gcc/pic32mx/4.5.1/../../../../pic32mx/lib/libmchp_peripheral_32MX795F512L.a(int_restore_interrupts_lib.o)
 .gnu.attributes
                0x00000100       0x10 /opt/mpide/hardware/pic32/compiler/pic32-tools/bin/../lib/gcc/pic32mx/4.5.1/../../../../pic32mx/lib/libmchp_peripheral_32MX795F512L.a(int_enable_mv_int_lib.o)
 .gnu.attributes
                0x00000110       0x10 /opt/mpide/hardware/pic32/compiler/pic32-tools/bin/../lib/gcc/pic32mx/4.5.1/../../../../pic32mx/lib/libmchp_peripheral_32MX795F512L.a(rtcc_init_lib.o)
 .gnu.attributes
                0x00000120       0x10 /opt/mpide/hardware/pic32/compiler/pic32-tools/bin/../lib/gcc/pic32mx/4.5.1/../../../../pic32mx/lib/libmchp_peripheral_32MX795F512L.a(rtcc_set_time_date_lib.o)
 .gnu.attributes
                0x00000130       0x10 /opt/mpide/hardware/pic32/compiler/pic32-tools/bin/../lib/gcc/pic32mx/4.5.1/../../../../pic32mx/lib/libmchp_peripheral_32MX795F512L.a(rtcc_open_lib.o)
 .gnu.attributes
                0x00000140       0x10 /opt/mpide/hardware/pic32/compiler/pic32-tools/bin/../lib/gcc/pic32mx/4.5.1/../../../../pic32mx/lib/libmchp_peripheral_32MX795F512L.a(int_tbl_lib.o)
 .gnu.attributes
                0x00000150       0x10 /opt/mpide/hardware/pic32/compiler/pic32-tools/bin/../lib/gcc/pic32mx/4.5.1/../../../../pic32mx/lib/libmchp_peripheral_32MX795F512L.a(_rtcc_set_time_and_date_lib.o)
 .gnu.attributes
                0x00000160       0x10 /opt/mpide/hardware/pic32/compiler/pic32-tools/bin/../lib/gcc/pic32mx/4.5.1/../../../../pic32mx/lib/libmchp_peripheral_32MX795F512L.a(_rtcc_wait_clock_off_lib.o)
 .gnu.attributes
                0x00000170       0x10 /opt/mpide/hardware/pic32/compiler/pic32-tools/bin/../lib/gcc/pic32mx/4.5.1/crtend.o

.gptab.sdata
 *(.gptab.data)
 *(.gptab.sdata)

.gptab.sbss
 *(.gptab.bss)
 *(.gptab.sbss)

.mdebug.abi32   0xa0001800        0x0
 *(.mdebug.abi32)
 .mdebug.abi32  0xa0001800        0x0 /opt/mpide/hardware/pic32/compiler/pic32-tools/bin/../lib/gcc/pic32mx/4.5.1/crtbegin.o
 .mdebug.abi32  0xa0001800        0x0 build/Blink.cpp.o
 .mdebug.abi32  0xa0001800        0x0 build/core.a(main.o)
 .mdebug.abi32  0xa0001800        0x0 build/core.a(task_manager.o)
 .mdebug.abi32  0xa0001800        0x0 build/core.a(wiring.o)
 .mdebug.abi32  0xa0001800        0x0 build/core.a(wiring_digital.o)
 .mdebug.abi32  0xa0001800        0x0 build/core.a(pins_arduino.o)
 .mdebug.abi32  0xa0001800        0x0 build/core.a(wiring_analog.o)
 .mdebug.abi32  0xa0001800        0x0 /opt/mpide/hardware/pic32/compiler/pic32-tools/bin/../lib/gcc/pic32mx/4.5.1/../../../../pic32mx/lib/libpic32.a(default-general-exception-handler.o)
 .mdebug.abi32  0xa0001800        0x0 /opt/mpide/hardware/pic32/compiler/pic32-tools/bin/../lib/gcc/pic32mx/4.5.1/../../../../pic32mx/lib/libpic32.a(default-bootstrap-exception-handler.o)
 .mdebug.abi32  0xa0001800        0x0 /opt/mpide/hardware/pic32/compiler/pic32-tools/bin/../lib/gcc/pic32mx/4.5.1/../../../../pic32mx/lib/libpic32.a(default-on-reset.o)
 .mdebug.abi32  0xa0001800        0x0 /opt/mpide/hardware/pic32/compiler/pic32-tools/bin/../lib/gcc/pic32mx/4.5.1/../../../../pic32mx/lib/libpic32.a(default-on-bootstrap.o)
 .mdebug.abi32  0xa0001800        0x0 /opt/mpide/hardware/pic32/compiler/pic32-tools/bin/../lib/gcc/pic32mx/4.5.1/../../../../pic32mx/lib/libmchp_peripheral.a(open_core_timer_lib.o)
 .mdebug.abi32  0xa0001800        0x0 /opt/mpide/hardware/pic32/compiler/pic32-tools/bin/../lib/gcc/pic32mx/4.5.1/../../../../pic32mx/lib/libmchp_peripheral.a(read_core_timer_lib.o)
 .mdebug.abi32  0xa0001800        0x0 /opt/mpide/hardware/pic32/compiler/pic32-tools/bin/../lib/gcc/pic32mx/4.5.1/../../../../pic32mx/lib/libmchp_peripheral_32MX795F512L.a(pcache.o)
 .mdebug.abi32  0xa0001800        0x0 /opt/mpide/hardware/pic32/compiler/pic32-tools/bin/../lib/gcc/pic32mx/4.5.1/../../../../pic32mx/lib/libmchp_peripheral_32MX795F512L.a(int_restore_interrupts_lib.o)
 .mdebug.abi32  0xa0001800        0x0 /opt/mpide/hardware/pic32/compiler/pic32-tools/bin/../lib/gcc/pic32mx/4.5.1/../../../../pic32mx/lib/libmchp_peripheral_32MX795F512L.a(int_enable_mv_int_lib.o)
 .mdebug.abi32  0xa0001800        0x0 /opt/mpide/hardware/pic32/compiler/pic32-tools/bin/../lib/gcc/pic32mx/4.5.1/../../../../pic32mx/lib/libmchp_peripheral_32MX795F512L.a(rtcc_init_lib.o)
 .mdebug.abi32  0xa0001800        0x0 /opt/mpide/hardware/pic32/compiler/pic32-tools/bin/../lib/gcc/pic32mx/4.5.1/../../../../pic32mx/lib/libmchp_peripheral_32MX795F512L.a(rtcc_set_time_date_lib.o)
 .mdebug.abi32  0xa0001800        0x0 /opt/mpide/hardware/pic32/compiler/pic32-tools/bin/../lib/gcc/pic32mx/4.5.1/../../../../pic32mx/lib/libmchp_peripheral_32MX795F512L.a(rtcc_open_lib.o)
 .mdebug.abi32  0xa0001800        0x0 /opt/mpide/hardware/pic32/compiler/pic32-tools/bin/../lib/gcc/pic32mx/4.5.1/../../../../pic32mx/lib/libmchp_peripheral_32MX795F512L.a(int_tbl_lib.o)
 .mdebug.abi32  0xa0001800        0x0 /opt/mpide/hardware/pic32/compiler/pic32-tools/bin/../lib/gcc/pic32mx/4.5.1/../../../../pic32mx/lib/libmchp_peripheral_32MX795F512L.a(_rtcc_set_time_and_date_lib.o)
 .mdebug.abi32  0xa0001800        0x0 /opt/mpide/hardware/pic32/compiler/pic32-tools/bin/../lib/gcc/pic32mx/4.5.1/../../../../pic32mx/lib/libmchp_peripheral_32MX795F512L.a(_rtcc_wait_clock_off_lib.o)
 .mdebug.abi32  0xa0001800        0x0 /opt/mpide/hardware/pic32/compiler/pic32-tools/bin/../lib/gcc/pic32mx/4.5.1/crtend.o

.mdebug.abiN32
 *(.mdebug.abiN32)

.mdebug.abi64
 *(.mdebug.abi64)

.mdebug.abiO64
 *(.mdebug.abiO64)

.mdebug.eabi32
 *(.mdebug.eabi32)

.mdebug.eabi64
 *(.mdebug.eabi64)
OUTPUT(build/Blink.cpp.elf elf32-tradlittlemips)
